[池] 候选 1349 只, 开始拉取净值...
    nav 100/1349 合格 7 (0s)
    nav 200/1349 合格 18 (1s)
    nav 300/1349 合格 36 (1s)
    nav 400/1349 合格 54 (1s)
    nav 500/1349 合格 66 (1s)
    nav 600/1349 合格 73 (2s)
    nav 700/1349 合格 93 (2s)
    nav 800/1349 合格 108 (2s)
    nav 900/1349 合格 123 (2s)
    nav 1000/1349 合格 141 (3s)
    nav 1100/1349 合格 161 (3s)
    nav 1200/1349 合格 186 (3s)
    nav 1300/1349 合格 205 (3s)
[池] 满足 2014-12-31 前成立 & 数据贯穿至2025-09 的基金: 217 只
[池] 218 只
  2024-07-31 S=  7.7 池分位=0% ⚪回避 F_v=0.0 F_a=44.2 F_m=0.0 pens=回撤比值1.74>1.5(水位33%≤35%底部降级)(-50%) fwd6=0.0844 (16s)
  2024-08-31 S=  9.3 池分位=0% ⚪回避 F_v=0.0 F_a=10.5 F_m=60.0 pens=回撤比值1.74>1.5(水位26%≤35%底部降级)(-50%) fwd6=0.0629 (28s)
  2024-09-30 S=  0.0 池分位=9% 🚫否决池 F_v=0.0 F_a=6.6 F_m=60.0 pens=回撤比值1.87>1.5(-100%) fwd6=-0.1836 (39s)
  2024-10-31 S=  0.0 池分位=5% 🚫否决池 F_v=38.3 F_a=40.7 F_m=100.0 pens=回撤比值1.53>1.5(-100%) fwd6=-0.0601 (50s)
  2024-11-30 S= 20.5 池分位=36% ⚪回避 F_v=37.0 F_a=35.8 F_m=0.0 pens=回撤比值1.45∈(1.2,1.5](-25%) fwd6=0.0805 (60s)
  2024-12-31 S= 20.1 池分位=33% ⚪回避 F_v=37.0 F_a=34.3 F_m=0.0 pens=回撤比值1.40∈(1.2,1.5](-25%) fwd6=0.2393 (71s)
  2025-01-31 S= 24.3 池分位=46% ⚪回避 F_v=38.2 F_a=48.9 F_m=0.0 pens=回撤比值1.36∈(1.2,1.5](-25%) fwd6=0.3937 (83s)
  2025-02-28 S= 23.3 池分位=36% ⚪回避 F_v=33.8 F_a=50.0 F_m=0.0 pens=回撤比值1.22∈(1.2,1.5](-25%) fwd6=1.0734 (95s)
  2025-03-31 S= 22.8 池分位=41% ⚪回避 F_v=32.4 F_a=50.0 F_m=0.0 pens=回撤比值1.23∈(1.2,1.5](-25%) fwd6=1.0387 (107s)
  2025-04-30 S=  0.0 池分位=13% 🚫否决池 F_v=36.5 F_a=40.4 F_m=0.0 pens=回撤比值1.53>1.5(-100%) fwd6=1.2567 (118s)
  2025-05-31 S=  0.0 池分位=15% 🚫否决池 F_v=34.3 F_a=49.1 F_m=0.0 pens=回撤比值1.51>1.5(-100%) fwd6=1.0229 (130s)
  2025-06-30 S=  0.0 池分位=41% 🚫否决池 F_v=0.0 F_a=50.0 F_m=0.0 pens=回撤比值1.52>1.5(-100%) fwd6=0.9573 (142s)
  2025-07-31 S= 31.9 池分位=91% ⚪回避 F_v=0.0 F_a=50.0 F_m=100.0 pens=回撤比值1.40∈(1.2,1.5](-25%) fwd6=0.8042 (155s)
  2025-08-31 S= 31.9 池分位=96% ⚪回避 F_v=0.0 F_a=50.0 F_m=100.0 pens=回撤比值1.45∈(1.2,1.5](-25%) fwd6=0.3802 (167s)
  2025-09-30 S= 31.9 池分位=93% ⚪回避 F_v=0.0 F_a=50.0 F_m=100.0 pens=回撤比值1.42∈(1.2,1.5](-25%) fwd6=0.6864 (179s)
  2025-10-31 S= 31.9 池分位=94% ⚪回避 F_v=0.0 F_a=50.0 F_m=100.0 pens=回撤比值1.45∈(1.2,1.5](-25%) fwd6=1.1579 (191s)
  2025-11-30 S= 31.9 池分位=94% ⚪回避 F_v=0.0 F_a=50.0 F_m=100.0 pens=回撤比值1.44∈(1.2,1.5](-25%) fwd6=1.3075 (204s)
  2025-12-31 S= 31.9 池分位=91% ⚪回避 F_v=0.0 F_a=50.0 F_m=100.0 pens=回撤比值1.42∈(1.2,1.5](-25%) fwd6=0.9635 (216s)
  2026-01-31 S= 31.9 池分位=89% ⚪回避 F_v=0.0 F_a=50.0 F_m=100.0 pens=回撤比值1.40∈(1.2,1.5](-25%) fwd6=None (230s)
  2026-02-28 S= 24.4 池分位=82% ⚪回避 F_v=0.0 F_a=50.0 F_m=60.0 pens=回撤比值1.39∈(1.2,1.5](-25%) fwd6=None (243s)
  2026-03-31 S= 31.9 池分位=89% ⚪回避 F_v=0.0 F_a=50.0 F_m=100.0 pens=回撤比值1.42∈(1.2,1.5](-25%) fwd6=None (256s)
  2026-04-30 S= 31.9 池分位=89% ⚪回避 F_v=0.0 F_a=50.0 F_m=100.0 pens=回撤比值1.45∈(1.2,1.5](-25%) fwd6=None (271s)
  2026-05-31 S= 31.9 池分位=89% ⚪回避 F_v=0.0 F_a=50.0 F_m=100.0 pens=回撤比值1.48∈(1.2,1.5](-25%) fwd6=None (285s)
  2026-06-30 S=  0.0 池分位=38% 🚫否决池 F_v=0.0 F_a=50.0 F_m=100.0 pens=回撤比值1.70>1.5(-100%) fwd6=None (298s)
  2026-07-31 S=  0.0 池分位=42% 🚫否决池 F_v=0.0 F_a=30.9 F_m=100.0 pens=回撤比值1.72>1.5(-100%) fwd6=None (310s)
/home/user/quant_fund_picker/case_008528.py:151: UserWarning: Glyph 21326 (\N{CJK UNIFIED IDEOGRAPH-534E}) missing from font(s) DejaVu Sans.
  plt.tight_layout()
/home/user/quant_fund_picker/case_008528.py:151: UserWarning: Glyph 27888 (\N{CJK UNIFIED IDEOGRAPH-6CF0}) missing from font(s) DejaVu Sans.
  plt.tight_layout()
/home/user/quant_fund_picker/case_008528.py:151: UserWarning: Glyph 26575 (\N{CJK UNIFIED IDEOGRAPH-67CF}) missing from font(s) DejaVu Sans.
  plt.tight_layout()
/home/user/quant_fund_picker/case_008528.py:151: UserWarning: Glyph 29790 (\N{CJK UNIFIED IDEOGRAPH-745E}) missing from font(s) DejaVu Sans.
  plt.tight_layout()
/home/user/quant_fund_picker/case_008528.py:151: UserWarning: Glyph 36136 (\N{CJK UNIFIED IDEOGRAPH-8D28}) missing from font(s) DejaVu Sans.
  plt.tight_layout()
/home/user/quant_fund_picker/case_008528.py:151: UserWarning: Glyph 37327 (\N{CJK UNIFIED IDEOGRAPH-91CF}) missing from font(s) DejaVu Sans.
  plt.tight_layout()
/home/user/quant_fund_picker/case_008528.py:151: UserWarning: Glyph 25104 (\N{CJK UNIFIED IDEOGRAPH-6210}) missing from font(s) DejaVu Sans.
  plt.tight_layout()
/home/user/quant_fund_picker/case_008528.py:151: UserWarning: Glyph 38271 (\N{CJK UNIFIED IDEOGRAPH-957F}) missing from font(s) DejaVu Sans.
  plt.tight_layout()
/home/user/quant_fund_picker/case_008528.py:151: UserWarning: Glyph 27169 (\N{CJK UNIFIED IDEOGRAPH-6A21}) missing from font(s) DejaVu Sans.
  plt.tight_layout()
/home/user/quant_fund_picker/case_008528.py:151: UserWarning: Glyph 22411 (\N{CJK UNIFIED IDEOGRAPH-578B}) missing from font(s) DejaVu Sans.
  plt.tight_layout()
/home/user/quant_fund_picker/case_008528.py:151: UserWarning: Glyph 25171 (\N{CJK UNIFIED IDEOGRAPH-6253}) missing from font(s) DejaVu Sans.
  plt.tight_layout()
/home/user/quant_fund_picker/case_008528.py:151: UserWarning: Glyph 20998 (\N{CJK UNIFIED IDEOGRAPH-5206}) missing from font(s) DejaVu Sans.
  plt.tight_layout()
/home/user/quant_fund_picker/case_008528.py:151: UserWarning: Glyph 20449 (\N{CJK UNIFIED IDEOGRAPH-4FE1}) missing from font(s) DejaVu Sans.
  plt.tight_layout()
/home/user/quant_fund_picker/case_008528.py:151: UserWarning: Glyph 21495 (\N{CJK UNIFIED IDEOGRAPH-53F7}) missing from font(s) DejaVu Sans.
  plt.tight_layout()
/home/user/quant_fund_picker/case_008528.py:151: UserWarning: Glyph 36712 (\N{CJK UNIFIED IDEOGRAPH-8F68}) missing from font(s) DejaVu Sans.
  plt.tight_layout()
/home/user/quant_fund_picker/case_008528.py:151: UserWarning: Glyph 36857 (\N{CJK UNIFIED IDEOGRAPH-8FF9}) missing from font(s) DejaVu Sans.
  plt.tight_layout()
/home/user/quant_fund_picker/case_008528.py:151: UserWarning: Glyph 20302 (\N{CJK UNIFIED IDEOGRAPH-4F4E}) missing from font(s) DejaVu Sans.
  plt.tight_layout()
/home/user/quant_fund_picker/case_008528.py:151: UserWarning: Glyph 28857 (\N{CJK UNIFIED IDEOGRAPH-70B9}) missing from font(s) DejaVu Sans.
  plt.tight_layout()
/home/user/quant_fund_picker/case_008528.py:151: UserWarning: Glyph 39640 (\N{CJK UNIFIED IDEOGRAPH-9AD8}) missing from font(s) DejaVu Sans.
  plt.tight_layout()
/home/user/quant_fund_picker/case_008528.py:151: UserWarning: Glyph 19968 (\N{CJK UNIFIED IDEOGRAPH-4E00}) missing from font(s) DejaVu Sans.
  plt.tight_layout()
/home/user/quant_fund_picker/case_008528.py:151: UserWarning: Glyph 24180 (\N{CJK UNIFIED IDEOGRAPH-5E74}) missing from font(s) DejaVu Sans.
  plt.tight_layout()
/home/user/quant_fund_picker/case_008528.py:151: UserWarning: Glyph 21069 (\N{CJK UNIFIED IDEOGRAPH-524D}) missing from font(s) DejaVu Sans.
  plt.tight_layout()
/home/user/quant_fund_picker/case_008528.py:151: UserWarning: Glyph 25112 (\N{CJK UNIFIED IDEOGRAPH-6218}) missing from font(s) DejaVu Sans.
  plt.tight_layout()
/home/user/quant_fund_picker/case_008528.py:151: UserWarning: Glyph 26415 (\N{CJK UNIFIED IDEOGRAPH-672F}) missing from font(s) DejaVu Sans.
  plt.tight_layout()
/home/user/quant_fund_picker/case_008528.py:151: UserWarning: Glyph 32447 (\N{CJK UNIFIED IDEOGRAPH-7EBF}) missing from font(s) DejaVu Sans.
  plt.tight_layout()
/home/user/quant_fund_picker/case_008528.py:151: UserWarning: Glyph 128994 (\N{LARGE GREEN CIRCLE}) missing from font(s) DejaVu Sans.
  plt.tight_layout()
/home/user/quant_fund_picker/case_008528.py:151: UserWarning: Glyph 20215 (\N{CJK UNIFIED IDEOGRAPH-4EF7}) missing from font(s) DejaVu Sans.
  plt.tight_layout()
/home/user/quant_fund_picker/case_008528.py:151: UserWarning: Glyph 20540 (\N{CJK UNIFIED IDEOGRAPH-503C}) missing from font(s) DejaVu Sans.
  plt.tight_layout()
/home/user/quant_fund_picker/case_008528.py:151: UserWarning: Glyph 37325 (\N{CJK UNIFIED IDEOGRAPH-91CD}) missing from font(s) DejaVu Sans.
  plt.tight_layout()
/home/user/quant_fund_picker/case_008528.py:151: UserWarning: Glyph 20179 (\N{CJK UNIFIED IDEOGRAPH-4ED3}) missing from font(s) DejaVu Sans.
  plt.tight_layout()
/home/user/quant_fund_picker/case_008528.py:151: UserWarning: Glyph 24314 (\N{CJK UNIFIED IDEOGRAPH-5EFA}) missing from font(s) DejaVu Sans.
  plt.tight_layout()
/home/user/quant_fund_picker/case_008528.py:151: UserWarning: Glyph 21160 (\N{CJK UNIFIED IDEOGRAPH-52A8}) missing from font(s) DejaVu Sans.
  plt.tight_layout()
/home/user/quant_fund_picker/case_008528.py:151: UserWarning: Glyph 128993 (\N{LARGE YELLOW CIRCLE}) missing from font(s) DejaVu Sans.
  plt.tight_layout()
/home/user/quant_fund_picker/case_008528.py:151: UserWarning: Glyph 25209 (\N{CJK UNIFIED IDEOGRAPH-6279}) missing from font(s) DejaVu Sans.
  plt.tight_layout()
/home/user/quant_fund_picker/case_008528.py:151: UserWarning: Glyph 35266 (\N{CJK UNIFIED IDEOGRAPH-89C2}) missing from font(s) DejaVu Sans.
  plt.tight_layout()
/home/user/quant_fund_picker/case_008528.py:151: UserWarning: Glyph 26395 (\N{CJK UNIFIED IDEOGRAPH-671B}) missing from font(s) DejaVu Sans.
  plt.tight_layout()
/home/user/quant_fund_picker/case_008528.py:151: UserWarning: Glyph 22238 (\N{CJK UNIFIED IDEOGRAPH-56DE}) missing from font(s) DejaVu Sans.
  plt.tight_layout()
/home/user/quant_fund_picker/case_008528.py:151: UserWarning: Glyph 36991 (\N{CJK UNIFIED IDEOGRAPH-907F}) missing from font(s) DejaVu Sans.
  plt.tight_layout()
/home/user/quant_fund_picker/case_008528.py:151: UserWarning: Glyph 128683 (\N{NO ENTRY SIGN}) missing from font(s) DejaVu Sans.
  plt.tight_layout()
/home/user/quant_fund_picker/case_008528.py:151: UserWarning: Glyph 21542 (\N{CJK UNIFIED IDEOGRAPH-5426}) missing from font(s) DejaVu Sans.
  plt.tight_layout()
/home/user/quant_fund_picker/case_008528.py:151: UserWarning: Glyph 20915 (\N{CJK UNIFIED IDEOGRAPH-51B3}) missing from font(s) DejaVu Sans.
  plt.tight_layout()
/home/user/quant_fund_picker/case_008528.py:151: UserWarning: Glyph 27744 (\N{CJK UNIFIED IDEOGRAPH-6C60}) missing from font(s) DejaVu Sans.
  plt.tight_layout()
/home/user/quant_fund_picker/case_008528.py:151: UserWarning: Glyph 20301 (\N{CJK UNIFIED IDEOGRAPH-4F4D}) missing from font(s) DejaVu Sans.
  plt.tight_layout()
/home/user/quant_fund_picker/case_008528.py:152: UserWarning: Glyph 21326 (\N{CJK UNIFIED IDEOGRAPH-534E}) missing from font(s) DejaVu Sans.
  plt.savefig("output/case_008528.png", dpi=130, bbox_inches="tight",
/home/user/quant_fund_picker/case_008528.py:152: UserWarning: Glyph 27888 (\N{CJK UNIFIED IDEOGRAPH-6CF0}) missing from font(s) DejaVu Sans.
  plt.savefig("output/case_008528.png", dpi=130, bbox_inches="tight",
/home/user/quant_fund_picker/case_008528.py:152: UserWarning: Glyph 26575 (\N{CJK UNIFIED IDEOGRAPH-67CF}) missing from font(s) DejaVu Sans.
  plt.savefig("output/case_008528.png", dpi=130, bbox_inches="tight",
/home/user/quant_fund_picker/case_008528.py:152: UserWarning: Glyph 29790 (\N{CJK UNIFIED IDEOGRAPH-745E}) missing from font(s) DejaVu Sans.
  plt.savefig("output/case_008528.png", dpi=130, bbox_inches="tight",
/home/user/quant_fund_picker/case_008528.py:152: UserWarning: Glyph 36136 (\N{CJK UNIFIED IDEOGRAPH-8D28}) missing from font(s) DejaVu Sans.
  plt.savefig("output/case_008528.png", dpi=130, bbox_inches="tight",
/home/user/quant_fund_picker/case_008528.py:152: UserWarning: Glyph 37327 (\N{CJK UNIFIED IDEOGRAPH-91CF}) missing from font(s) DejaVu Sans.
  plt.savefig("output/case_008528.png", dpi=130, bbox_inches="tight",
/home/user/quant_fund_picker/case_008528.py:152: UserWarning: Glyph 25104 (\N{CJK UNIFIED IDEOGRAPH-6210}) missing from font(s) DejaVu Sans.
  plt.savefig("output/case_008528.png", dpi=130, bbox_inches="tight",
/home/user/quant_fund_picker/case_008528.py:152: UserWarning: Glyph 38271 (\N{CJK UNIFIED IDEOGRAPH-957F}) missing from font(s) DejaVu Sans.
  plt.savefig("output/case_008528.png", dpi=130, bbox_inches="tight",
/home/user/quant_fund_picker/case_008528.py:152: UserWarning: Glyph 27169 (\N{CJK UNIFIED IDEOGRAPH-6A21}) missing from font(s) DejaVu Sans.
  plt.savefig("output/case_008528.png", dpi=130, bbox_inches="tight",
/home/user/quant_fund_picker/case_008528.py:152: UserWarning: Glyph 22411 (\N{CJK UNIFIED IDEOGRAPH-578B}) missing from font(s) DejaVu Sans.
  plt.savefig("output/case_008528.png", dpi=130, bbox_inches="tight",
/home/user/quant_fund_picker/case_008528.py:152: UserWarning: Glyph 25171 (\N{CJK UNIFIED IDEOGRAPH-6253}) missing from font(s) DejaVu Sans.
  plt.savefig("output/case_008528.png", dpi=130, bbox_inches="tight",
/home/user/quant_fund_picker/case_008528.py:152: UserWarning: Glyph 20998 (\N{CJK UNIFIED IDEOGRAPH-5206}) missing from font(s) DejaVu Sans.
  plt.savefig("output/case_008528.png", dpi=130, bbox_inches="tight",
/home/user/quant_fund_picker/case_008528.py:152: UserWarning: Glyph 20449 (\N{CJK UNIFIED IDEOGRAPH-4FE1}) missing from font(s) DejaVu Sans.
  plt.savefig("output/case_008528.png", dpi=130, bbox_inches="tight",
/home/user/quant_fund_picker/case_008528.py:152: UserWarning: Glyph 21495 (\N{CJK UNIFIED IDEOGRAPH-53F7}) missing from font(s) DejaVu Sans.
  plt.savefig("output/case_008528.png", dpi=130, bbox_inches="tight",
/home/user/quant_fund_picker/case_008528.py:152: UserWarning: Glyph 36712 (\N{CJK UNIFIED IDEOGRAPH-8F68}) missing from font(s) DejaVu Sans.
  plt.savefig("output/case_008528.png", dpi=130, bbox_inches="tight",
/home/user/quant_fund_picker/case_008528.py:152: UserWarning: Glyph 36857 (\N{CJK UNIFIED IDEOGRAPH-8FF9}) missing from font(s) DejaVu Sans.
  plt.savefig("output/case_008528.png", dpi=130, bbox_inches="tight",
/home/user/quant_fund_picker/case_008528.py:152: UserWarning: Glyph 20302 (\N{CJK UNIFIED IDEOGRAPH-4F4E}) missing from font(s) DejaVu Sans.
  plt.savefig("output/case_008528.png", dpi=130, bbox_inches="tight",
/home/user/quant_fund_picker/case_008528.py:152: UserWarning: Glyph 28857 (\N{CJK UNIFIED IDEOGRAPH-70B9}) missing from font(s) DejaVu Sans.
  plt.savefig("output/case_008528.png", dpi=130, bbox_inches="tight",
/home/user/quant_fund_picker/case_008528.py:152: UserWarning: Glyph 39640 (\N{CJK UNIFIED IDEOGRAPH-9AD8}) missing from font(s) DejaVu Sans.
  plt.savefig("output/case_008528.png", dpi=130, bbox_inches="tight",
/home/user/quant_fund_picker/case_008528.py:152: UserWarning: Glyph 19968 (\N{CJK UNIFIED IDEOGRAPH-4E00}) missing from font(s) DejaVu Sans.
  plt.savefig("output/case_008528.png", dpi=130, bbox_inches="tight",
/home/user/quant_fund_picker/case_008528.py:152: UserWarning: Glyph 24180 (\N{CJK UNIFIED IDEOGRAPH-5E74}) missing from font(s) DejaVu Sans.
  plt.savefig("output/case_008528.png", dpi=130, bbox_inches="tight",
/home/user/quant_fund_picker/case_008528.py:152: UserWarning: Glyph 21069 (\N{CJK UNIFIED IDEOGRAPH-524D}) missing from font(s) DejaVu Sans.
  plt.savefig("output/case_008528.png", dpi=130, bbox_inches="tight",
/home/user/quant_fund_picker/case_008528.py:152: UserWarning: Glyph 25112 (\N{CJK UNIFIED IDEOGRAPH-6218}) missing from font(s) DejaVu Sans.
  plt.savefig("output/case_008528.png", dpi=130, bbox_inches="tight",
/home/user/quant_fund_picker/case_008528.py:152: UserWarning: Glyph 26415 (\N{CJK UNIFIED IDEOGRAPH-672F}) missing from font(s) DejaVu Sans.
  plt.savefig("output/case_008528.png", dpi=130, bbox_inches="tight",
/home/user/quant_fund_picker/case_008528.py:152: UserWarning: Glyph 32447 (\N{CJK UNIFIED IDEOGRAPH-7EBF}) missing from font(s) DejaVu Sans.
  plt.savefig("output/case_008528.png", dpi=130, bbox_inches="tight",
/home/user/quant_fund_picker/case_008528.py:152: UserWarning: Glyph 128994 (\N{LARGE GREEN CIRCLE}) missing from font(s) DejaVu Sans.
  plt.savefig("output/case_008528.png", dpi=130, bbox_inches="tight",
/home/user/quant_fund_picker/case_008528.py:152: UserWarning: Glyph 20215 (\N{CJK UNIFIED IDEOGRAPH-4EF7}) missing from font(s) DejaVu Sans.
  plt.savefig("output/case_008528.png", dpi=130, bbox_inches="tight",
/home/user/quant_fund_picker/case_008528.py:152: UserWarning: Glyph 20540 (\N{CJK UNIFIED IDEOGRAPH-503C}) missing from font(s) DejaVu Sans.
  plt.savefig("output/case_008528.png", dpi=130, bbox_inches="tight",
/home/user/quant_fund_picker/case_008528.py:152: UserWarning: Glyph 37325 (\N{CJK UNIFIED IDEOGRAPH-91CD}) missing from font(s) DejaVu Sans.
  plt.savefig("output/case_008528.png", dpi=130, bbox_inches="tight",
/home/user/quant_fund_picker/case_008528.py:152: UserWarning: Glyph 20179 (\N{CJK UNIFIED IDEOGRAPH-4ED3}) missing from font(s) DejaVu Sans.
  plt.savefig("output/case_008528.png", dpi=130, bbox_inches="tight",
/home/user/quant_fund_picker/case_008528.py:152: UserWarning: Glyph 24314 (\N{CJK UNIFIED IDEOGRAPH-5EFA}) missing from font(s) DejaVu Sans.
  plt.savefig("output/case_008528.png", dpi=130, bbox_inches="tight",
/home/user/quant_fund_picker/case_008528.py:152: UserWarning: Glyph 21160 (\N{CJK UNIFIED IDEOGRAPH-52A8}) missing from font(s) DejaVu Sans.
  plt.savefig("output/case_008528.png", dpi=130, bbox_inches="tight",
/home/user/quant_fund_picker/case_008528.py:152: UserWarning: Glyph 128993 (\N{LARGE YELLOW CIRCLE}) missing from font(s) DejaVu Sans.
  plt.savefig("output/case_008528.png", dpi=130, bbox_inches="tight",
/home/user/quant_fund_picker/case_008528.py:152: UserWarning: Glyph 25209 (\N{CJK UNIFIED IDEOGRAPH-6279}) missing from font(s) DejaVu Sans.
  plt.savefig("output/case_008528.png", dpi=130, bbox_inches="tight",
/home/user/quant_fund_picker/case_008528.py:152: UserWarning: Glyph 35266 (\N{CJK UNIFIED IDEOGRAPH-89C2}) missing from font(s) DejaVu Sans.
  plt.savefig("output/case_008528.png", dpi=130, bbox_inches="tight",
/home/user/quant_fund_picker/case_008528.py:152: UserWarning: Glyph 26395 (\N{CJK UNIFIED IDEOGRAPH-671B}) missing from font(s) DejaVu Sans.
  plt.savefig("output/case_008528.png", dpi=130, bbox_inches="tight",
/home/user/quant_fund_picker/case_008528.py:152: UserWarning: Glyph 22238 (\N{CJK UNIFIED IDEOGRAPH-56DE}) missing from font(s) DejaVu Sans.
  plt.savefig("output/case_008528.png", dpi=130, bbox_inches="tight",
/home/user/quant_fund_picker/case_008528.py:152: UserWarning: Glyph 36991 (\N{CJK UNIFIED IDEOGRAPH-907F}) missing from font(s) DejaVu Sans.
  plt.savefig("output/case_008528.png", dpi=130, bbox_inches="tight",
/home/user/quant_fund_picker/case_008528.py:152: UserWarning: Glyph 128683 (\N{NO ENTRY SIGN}) missing from font(s) DejaVu Sans.
  plt.savefig("output/case_008528.png", dpi=130, bbox_inches="tight",
/home/user/quant_fund_picker/case_008528.py:152: UserWarning: Glyph 21542 (\N{CJK UNIFIED IDEOGRAPH-5426}) missing from font(s) DejaVu Sans.
  plt.savefig("output/case_008528.png", dpi=130, bbox_inches="tight",
/home/user/quant_fund_picker/case_008528.py:152: UserWarning: Glyph 20915 (\N{CJK UNIFIED IDEOGRAPH-51B3}) missing from font(s) DejaVu Sans.
  plt.savefig("output/case_008528.png", dpi=130, bbox_inches="tight",
/home/user/quant_fund_picker/case_008528.py:152: UserWarning: Glyph 27744 (\N{CJK UNIFIED IDEOGRAPH-6C60}) missing from font(s) DejaVu Sans.
  plt.savefig("output/case_008528.png", dpi=130, bbox_inches="tight",
/home/user/quant_fund_picker/case_008528.py:152: UserWarning: Glyph 20301 (\N{CJK UNIFIED IDEOGRAPH-4F4D}) missing from font(s) DejaVu Sans.
  plt.savefig("output/case_008528.png", dpi=130, bbox_inches="tight",

[翻三倍核验] 区间低点 2025-04-08 nav=0.6224 → 其后高点 2026-06-25 nav=4.3127 = ×6.93
[saved] output/case_008528.png / .csv / .json
