/home/user/quant_fund_picker/veto_study.py:20: FutureWarning: 'Q' is deprecated and will be removed in a future version, please use 'QE' instead.
  DATES = [str(d.date()) for d in pd.date_range("2019-03-31", "2025-12-31", freq="Q")]
[池] 候选 1249 只, 开始拉取净值...
    nav 100/1249 合格 7 (0s)
    nav 200/1249 合格 18 (1s)
    nav 300/1249 合格 36 (1s)
    nav 400/1249 合格 54 (1s)
    nav 500/1249 合格 66 (1s)
    nav 600/1249 合格 93 (2s)
    nav 700/1249 合格 108 (2s)
    nav 800/1249 合格 123 (2s)
    nav 900/1249 合格 141 (2s)
    nav 1000/1249 合格 161 (3s)
    nav 1100/1249 合格 186 (3s)
    nav 1200/1249 合格 205 (3s)
[池] 满足 2014-12-31 前成立 & 数据贯穿至2025-09 的基金: 217 只
[done] 2019-03-31 n=216 (10s)
[done] 2019-06-30 n=216 (19s)
[done] 2019-09-30 n=216 (28s)
[done] 2019-12-31 n=216 (38s)
[done] 2020-03-31 n=216 (48s)
[done] 2020-06-30 n=216 (59s)
[done] 2020-09-30 n=216 (69s)
[done] 2020-12-31 n=216 (79s)
[done] 2021-03-31 n=216 (90s)
[done] 2021-06-30 n=217 (100s)
[done] 2021-09-30 n=217 (111s)
[done] 2021-12-31 n=217 (122s)
[done] 2022-03-31 n=217 (133s)
[done] 2022-06-30 n=217 (144s)
[done] 2022-09-30 n=217 (154s)
[done] 2022-12-31 n=217 (165s)
[done] 2023-03-31 n=217 (176s)
[done] 2023-06-30 n=217 (188s)
[done] 2023-09-30 n=217 (200s)
[done] 2023-12-31 n=217 (212s)
[done] 2024-03-31 n=217 (223s)
[done] 2024-06-30 n=217 (235s)
[done] 2024-09-30 n=217 (246s)
[done] 2024-12-31 n=217 (257s)
[done] 2025-03-31 n=217 (269s)
[done] 2025-06-30 n=217 (282s)
[done] 2025-09-30 n=217 (295s)
[done] 2025-12-31 n=217 (309s)
[ALL DONE]
